------------------------------------------------------------
TimeQuest Timing Analyzer Summary
------------------------------------------------------------

Type  : Slow 1200mV 85C Model Setup 'GAME_TIMER:C3|timerOut'
Slack : -116.871
TNS   : -16924.647

Type  : Slow 1200mV 85C Model Setup 'vga1|C2|altpll_0|sd1|pll7|clk[0]'
Slack : -7.729
TNS   : -15.458

Type  : Slow 1200mV 85C Model Setup 'clk'
Slack : 13.497
TNS   : 0.000

Type  : Slow 1200mV 85C Model Hold 'GAME_TIMER:C3|timerOut'
Slack : 0.344
TNS   : 0.000

Type  : Slow 1200mV 85C Model Hold 'clk'
Slack : 0.569
TNS   : 0.000

Type  : Slow 1200mV 85C Model Hold 'vga1|C2|altpll_0|sd1|pll7|clk[0]'
Slack : 0.573
TNS   : 0.000

Type  : Slow 1200mV 85C Model Recovery 'vga1|C2|altpll_0|sd1|pll7|clk[0]'
Slack : 3.823
TNS   : 0.000

Type  : Slow 1200mV 85C Model Removal 'vga1|C2|altpll_0|sd1|pll7|clk[0]'
Slack : 2.350
TNS   : 0.000

Type  : Slow 1200mV 85C Model Minimum Pulse Width 'GAME_TIMER:C3|timerOut'
Slack : -1.000
TNS   : -1545.000

Type  : Slow 1200mV 85C Model Minimum Pulse Width 'vga1|C2|altpll_0|sd1|pll7|clk[0]'
Slack : 4.384
TNS   : 0.000

Type  : Slow 1200mV 85C Model Minimum Pulse Width 'clk'
Slack : 9.688
TNS   : 0.000

Type  : Slow 1200mV 0C Model Setup 'GAME_TIMER:C3|timerOut'
Slack : -104.192
TNS   : -14962.661

Type  : Slow 1200mV 0C Model Setup 'vga1|C2|altpll_0|sd1|pll7|clk[0]'
Slack : -6.788
TNS   : -13.576

Type  : Slow 1200mV 0C Model Setup 'clk'
Slack : 14.151
TNS   : 0.000

Type  : Slow 1200mV 0C Model Hold 'GAME_TIMER:C3|timerOut'
Slack : 0.298
TNS   : 0.000

Type  : Slow 1200mV 0C Model Hold 'clk'
Slack : 0.511
TNS   : 0.000

Type  : Slow 1200mV 0C Model Hold 'vga1|C2|altpll_0|sd1|pll7|clk[0]'
Slack : 0.515
TNS   : 0.000

Type  : Slow 1200mV 0C Model Recovery 'vga1|C2|altpll_0|sd1|pll7|clk[0]'
Slack : 4.364
TNS   : 0.000

Type  : Slow 1200mV 0C Model Removal 'vga1|C2|altpll_0|sd1|pll7|clk[0]'
Slack : 2.093
TNS   : 0.000

Type  : Slow 1200mV 0C Model Minimum Pulse Width 'GAME_TIMER:C3|timerOut'
Slack : -1.000
TNS   : -1545.000

Type  : Slow 1200mV 0C Model Minimum Pulse Width 'vga1|C2|altpll_0|sd1|pll7|clk[0]'
Slack : 4.379
TNS   : 0.000

Type  : Slow 1200mV 0C Model Minimum Pulse Width 'clk'
Slack : 9.683
TNS   : 0.000

Type  : Fast 1200mV 0C Model Setup 'GAME_TIMER:C3|timerOut'
Slack : -66.819
TNS   : -9222.855

Type  : Fast 1200mV 0C Model Setup 'vga1|C2|altpll_0|sd1|pll7|clk[0]'
Slack : -4.458
TNS   : -8.916

Type  : Fast 1200mV 0C Model Setup 'clk'
Slack : 16.396
TNS   : 0.000

Type  : Fast 1200mV 0C Model Hold 'GAME_TIMER:C3|timerOut'
Slack : 0.178
TNS   : 0.000

Type  : Fast 1200mV 0C Model Hold 'clk'
Slack : 0.305
TNS   : 0.000

Type  : Fast 1200mV 0C Model Hold 'vga1|C2|altpll_0|sd1|pll7|clk[0]'
Slack : 0.306
TNS   : 0.000

Type  : Fast 1200mV 0C Model Recovery 'vga1|C2|altpll_0|sd1|pll7|clk[0]'
Slack : 6.130
TNS   : 0.000

Type  : Fast 1200mV 0C Model Removal 'vga1|C2|altpll_0|sd1|pll7|clk[0]'
Slack : 1.325
TNS   : 0.000

Type  : Fast 1200mV 0C Model Minimum Pulse Width 'GAME_TIMER:C3|timerOut'
Slack : -1.000
TNS   : -1545.000

Type  : Fast 1200mV 0C Model Minimum Pulse Width 'vga1|C2|altpll_0|sd1|pll7|clk[0]'
Slack : 4.414
TNS   : 0.000

Type  : Fast 1200mV 0C Model Minimum Pulse Width 'clk'
Slack : 9.442
TNS   : 0.000

------------------------------------------------------------
