------------------------------------------------------------
TimeQuest Timing Analyzer Summary
------------------------------------------------------------

Type  : Slow 1200mV 85C Model Setup 'clk'
Slack : -2.597
TNS   : -67.235

Type  : Slow 1200mV 85C Model Setup 'ps2_code_new'
Slack : -2.534
TNS   : -24.378

Type  : Slow 1200mV 85C Model Setup 'debounce:debounce_ps2_clk|result'
Slack : -0.098
TNS   : -0.098

Type  : Slow 1200mV 85C Model Hold 'ps2_code_new'
Slack : 0.342
TNS   : 0.000

Type  : Slow 1200mV 85C Model Hold 'clk'
Slack : 0.345
TNS   : 0.000

Type  : Slow 1200mV 85C Model Hold 'debounce:debounce_ps2_clk|result'
Slack : 0.381
TNS   : 0.000

Type  : Slow 1200mV 85C Model Minimum Pulse Width 'clk'
Slack : -3.000
TNS   : -50.000

Type  : Slow 1200mV 85C Model Minimum Pulse Width 'ps2_code_new'
Slack : -1.000
TNS   : -26.000

Type  : Slow 1200mV 85C Model Minimum Pulse Width 'debounce:debounce_ps2_clk|result'
Slack : -1.000
TNS   : -11.000

Type  : Slow 1200mV 0C Model Setup 'clk'
Slack : -2.213
TNS   : -55.667

Type  : Slow 1200mV 0C Model Setup 'ps2_code_new'
Slack : -2.177
TNS   : -20.145

Type  : Slow 1200mV 0C Model Setup 'debounce:debounce_ps2_clk|result'
Slack : -0.109
TNS   : -0.109

Type  : Slow 1200mV 0C Model Hold 'clk'
Slack : 0.300
TNS   : 0.000

Type  : Slow 1200mV 0C Model Hold 'ps2_code_new'
Slack : 0.313
TNS   : 0.000

Type  : Slow 1200mV 0C Model Hold 'debounce:debounce_ps2_clk|result'
Slack : 0.347
TNS   : 0.000

Type  : Slow 1200mV 0C Model Minimum Pulse Width 'clk'
Slack : -3.000
TNS   : -50.000

Type  : Slow 1200mV 0C Model Minimum Pulse Width 'ps2_code_new'
Slack : -1.000
TNS   : -26.000

Type  : Slow 1200mV 0C Model Minimum Pulse Width 'debounce:debounce_ps2_clk|result'
Slack : -1.000
TNS   : -11.000

Type  : Fast 1200mV 0C Model Setup 'clk'
Slack : -1.284
TNS   : -21.733

Type  : Fast 1200mV 0C Model Setup 'ps2_code_new'
Slack : -0.980
TNS   : -8.136

Type  : Fast 1200mV 0C Model Setup 'debounce:debounce_ps2_clk|result'
Slack : 0.214
TNS   : 0.000

Type  : Fast 1200mV 0C Model Hold 'clk'
Slack : 0.142
TNS   : 0.000

Type  : Fast 1200mV 0C Model Hold 'ps2_code_new'
Slack : 0.152
TNS   : 0.000

Type  : Fast 1200mV 0C Model Hold 'debounce:debounce_ps2_clk|result'
Slack : 0.199
TNS   : 0.000

Type  : Fast 1200mV 0C Model Minimum Pulse Width 'clk'
Slack : -3.000
TNS   : -52.717

Type  : Fast 1200mV 0C Model Minimum Pulse Width 'ps2_code_new'
Slack : -1.000
TNS   : -26.000

Type  : Fast 1200mV 0C Model Minimum Pulse Width 'debounce:debounce_ps2_clk|result'
Slack : -1.000
TNS   : -11.000

------------------------------------------------------------
